Updating git submodules.
payloads/external/Makefile.mk:497: "Using host toolchain to build Linuxboot"
    CREATE     build/mainboard/asrock/spc741d8/cbfs-file.PhwWZD.out (from /home/mahdi/repositories/coreboot/dasharo/coreboot/.config)
    MICROCODE  cpu_microcode_blob.bin
3rdparty/intel-microcode/intel-ucode/06-8f-08 3rdparty/intel-microcode/intel-ucode/06-cf-02
Cloning into '/home/mahdi/repositories/coreboot/dasharo/coreboot/payloads/external/edk2/workspace/edk2-platforms'...
EDK2: Checking uuid-dev:   ##### edk2 Build Summary #####
   Repository:     https://github.com/Dasharo/edk2
   Branch:         a69960a18a0e0a28c25e5f4434f5385d25fb39bb
   Packages path:  /home/mahdi/repositories/coreboot/dasharo/coreboot/payloads/external/edk2/workspace/Dasharo: /home/mahdi/repositories/coreboot/dasharo/coreboot/payloads/external/edk2/workspace/edk2-platforms/Platform/Intel: /home/mahdi/repositories/coreboot/dasharo/coreboot/payloads/external/edk2/workspace/edk2-platforms/Silicon/Intel: /home/mahdi/repositories/coreboot/dasharo/coreboot/payloads/external/edk2/workspace/edk2-platforms/Features/Intel: /home/mahdi/repositories/coreboot/dasharo/coreboot/payloads/external/edk2/workspace/edk2-platforms/Features/Intel/Debugging: /home/mahdi/repositories/coreboot/dasharo/coreboot/payloads/external/edk2/workspace/edk2-platforms/Features/Intel/Network: /home/mahdi/repositories/coreboot/dasharo/coreboot/payloads/external/edk2/workspace/edk2-platforms/Features/Intel/OutOfBandManagement: /home/mahdi/repositories/coreboot/dasharo/coreboot/payloads/external/edk2/workspace/edk2-platforms/Features/Intel/PowerManagement: /home/mahdi/repositories/coreboot/dasharo/coreboot/payloads/external/edk2/workspace/edk2-platforms/Features/Intel/SystemInformation: /home/mahdi/repositories/coreboot/dasharo/coreboot/payloads/external/edk2/workspace/edk2-platforms/Features/Intel/UserInterface: /home/mahdi/repositories/coreboot/dasharo/coreboot/payloads/external/edk2/workspace/edk2-platforms/Drivers/
 
   Option:         ABOVE_4G_MEMORY=FALSE 
   Option:         BOOTLOADER=COREBOOT 
   Option:         BOOTSPLASH_IMAGE=TRUE 
   Option:         BOOT_MENU_KEY=0x0015 
   Option:         BUILD_ARCH=X64 
   Option:         CPU_TIMER_LIB_ENABLE=FALSE 
   Option:         DASHARO_SYSTEM_FEATURES_ENABLE=TRUE 
   Option:         DISABLE_SERIAL_TERMINAL=FALSE 
   Option:         FOLLOW_BGRT_SPEC=TRUE 
   Option:         OPAL_PASSWORD_ENABLE=TRUE 
   Option:         PERFORMANCE_MEASUREMENT_ENABLE=TRUE 
   Option:         PLATFORM_BOOT_TIMEOUT=2 
   Option:         PRIORITIZE_INTERNAL=TRUE 
   Option:         PS2_KEYBOARD_ENABLE=TRUE 
   Option:         RAM_DISK_ENABLE=TRUE 
   Option:         SATA_PASSWORD_ENABLE=TRUE 
   Option:         SD_MMC_TIMEOUT=10000 
   Option:         SECURE_BOOT_DEFAULT_ENABLE=FALSE 
   Option:         SECURE_BOOT_ENABLE=TRUE 
   Option:         SERIAL_TERMINAL=TRUE 
   Option:         SETUP_MENU_KEY=0x0008 
   Option:         SETUP_PASSWORD_ENABLE=TRUE 
   Option:         SHELL_TYPE=NONE 
   Option:         SIO_BUS_ENABLE=TRUE 
   Option:         UART_ON_SUPERIO=TRUE 
   Option:         USE_CBMEM_FOR_CONSOLE=TRUE 
   Option:         USE_EDK2_PLATFORMS=TRUE 
   Option:         VARIABLE_SUPPORT=SMMSTORE 
   Payload:        DasharoPayloadPkg/DasharoPayloadPkg.dsc 
   Pcd:            gDasharoSystemFeaturesTokenSpaceGuid.PcdCpuHyperThreadingDefault=FALSE 
   Pcd:            gDasharoSystemFeaturesTokenSpaceGuid.PcdDefaultNetworkBootEnable=TRUE 
   Pcd:            gDasharoSystemFeaturesTokenSpaceGuid.PcdDefaultPowerFailureState=1 
   Pcd:            gDasharoSystemFeaturesTokenSpaceGuid.PcdHave2ndUart=TRUE 
   Pcd:            gDasharoSystemFeaturesTokenSpaceGuid.PcdIntelMeDefaultState=0 
   Pcd:            gDasharoSystemFeaturesTokenSpaceGuid.PcdIntelMeHapAvailable=FALSE 
   Pcd:            gDasharoSystemFeaturesTokenSpaceGuid.PcdPciMenuShowResizeableBars=TRUE 
   Pcd:            gDasharoSystemFeaturesTokenSpaceGuid.PcdSerialRedirection2DefaultState=TRUE 
   Pcd:            gDasharoSystemFeaturesTokenSpaceGuid.PcdSerialRedirectionDefaultState=TRUE 
   Pcd:            gDasharoSystemFeaturesTokenSpaceGuid.PcdShowChipsetMenu=TRUE 
   Pcd:            gDasharoSystemFeaturesTokenSpaceGuid.PcdShowNetworkMenu=TRUE 
   Pcd:            gDasharoSystemFeaturesTokenSpaceGuid.PcdShowPciMenu=TRUE 
   Pcd:            gDasharoSystemFeaturesTokenSpaceGuid.PcdShowPs2Option=TRUE 
   Pcd:            gDasharoSystemFeaturesTokenSpaceGuid.PcdShowSecurityMenu=TRUE 
   Pcd:            gDasharoSystemFeaturesTokenSpaceGuid.PcdShowSmmBwp=TRUE 
   Pcd:            gDasharoSystemFeaturesTokenSpaceGuid.PcdShowUsbMenu=TRUE 
   Pcd:            gEfiMdeModulePkgTokenSpaceGuid.PcdConOutColumn=0 
   Pcd:            gEfiMdeModulePkgTokenSpaceGuid.PcdConOutRow=0 
   Pcd:            gEfiMdeModulePkgTokenSpaceGuid.PcdCreatePreInstalledBootOptions=TRUE 
   Pcd:            gEfiMdeModulePkgTokenSpaceGuid.PcdMaxVariableSize=0x8000 
   Pcd:            gEfiMdeModulePkgTokenSpaceGuid.PcdSetupConOutColumn=0
   Pcd:            gEfiMdeModulePkgTokenSpaceGuid.PcdSetupConOutRow=0 
   Pcd:            gEfiMdePkgTokenSpaceGuid.PcdFastBootFeatureEnabled=TRUE 
   Pcd:            gEfiMdePkgTokenSpaceGuid.PcdPciExpressBaseAddress=0x80000000 
   Pcd:            gEfiMdePkgTokenSpaceGuid.PcdPciExpressBaseSize=0x10000000 
   Pcd:            gEfiMdePkgTokenSpaceGuid.PcdQuietBootFeatureEnabled=TRUE 
   Build:          Quiet
   Build:          Silent
   Toolchain:      COREBOOT 
    Fetching new commits from https://github.com/Dasharo/edk2
    Found!
EDK2: Checking nasm:        Found!
EDK2: Checking imagemagick:Create FSP component file 'build/Fsp_S.fd'
Create FSP component file 'build/Fsp_M.fd'
Create FSP component file 'build/Fsp_T.fd'
 Found!
#
# No change to /home/mahdi/repositories/coreboot/dasharo/coreboot/.config
#
build/auto.conf:2529:notice: override: reassigning to symbol DEFAULT_SCREEN_ROTATION
    MAKE       
    CC         smm/arch/x86/idt.o
    CC         smmstub/cpu/x86/smm/smm_stub.o
    CC         rmodules_x86_32/cpu/x86/sipi_vector.o
    CC         ramstage/arch/x86/c_start.o
    CC         ramstage/arch/x86/idt.o
    IASL       build/dsdt.aml
    MAKE       
    CC         postcar/arch/x86/exit_car.o
    CC         postcar/arch/x86/gdt_init.o
    CC         postcar/arch/x86/idt.o
    CC         postcar/soc/intel/common/block/cpu/car/exit_car_fsp.o
    MAKE       
    CC         romstage/arch/x86/assembly_entry.o
    CC         romstage/arch/x86/gdt_init.o
    CC         romstage/arch/x86/idt.o
dsdt.asl     28:    Name (RBUF, ResourceTemplate ()
Remark   2173 -             ^ Creation of named objects within a method is highly inefficient, use globals or method local variables instead (\_SB.PERC._CRS)

dsdt.asl    836:    || Arg0 == ToUUID ("68f2d50b-c469-4d8a-bd3d-941a103fd3fc"))
Remark   2184 -                                        Unknown UUID string ^ 

dsdt.asl    847:    If (Arg0 == ToUUID ("68f2d50b-c469-4d8a-bd3d-941a103fd3fc"))
Remark   2184 -                                         Unknown UUID string ^ 

dsdt.asl    869:    If (Arg0 == ToUUID ("68f2d50b-c469-4d8a-bd3d-941a103fd3fc"))
Remark   2184 -                                         Unknown UUID string ^ 

dsdt.asl    916:    || Arg0 == ToUUID ("68f2d50b-c469-4d8a-bd3d-941a103fd3fc"))
Remark   2184 -                                        Unknown UUID string ^ 

dsdt.asl    927:    If (Arg0 == ToUUID ("68f2d50b-c469-4d8a-bd3d-941a103fd3fc"))
Remark   2184 -                                         Unknown UUID string ^ 

dsdt.asl    949:    If (Arg0 == ToUUID ("68f2d50b-c469-4d8a-bd3d-941a103fd3fc"))
Remark   2184 -                                         Unknown UUID string ^ 

dsdt.asl    996:    || Arg0 == ToUUID ("68f2d50b-c469-4d8a-bd3d-941a103fd3fc"))
Remark   2184 -                                        Unknown UUID string ^ 

dsdt.asl   1007:    If (Arg0 == ToUUID ("68f2d50b-c469-4d8a-bd3d-941a103fd3fc"))
Remark   2184 -                                         Unknown UUID string ^ 

dsdt.asl   1029:    If (Arg0 == ToUUID ("68f2d50b-c469-4d8a-bd3d-941a103fd3fc"))
Remark   2184 -                                         Unknown UUID string ^ 

dsdt.asl   1076:    || Arg0 == ToUUID ("68f2d50b-c469-4d8a-bd3d-941a103fd3fc"))
Remark   2184 -                                        Unknown UUID string ^ 

dsdt.asl   1087:    If (Arg0 == ToUUID ("68f2d50b-c469-4d8a-bd3d-941a103fd3fc"))
Remark   2184 -                                         Unknown UUID string ^ 

dsdt.asl   1109:    If (Arg0 == ToUUID ("68f2d50b-c469-4d8a-bd3d-941a103fd3fc"))
Remark   2184 -                                         Unknown UUID string ^ 

dsdt.asl   1156:    || Arg0 == ToUUID ("68f2d50b-c469-4d8a-bd3d-941a103fd3fc"))
Remark   2184 -                                        Unknown UUID string ^ 

dsdt.asl   1167:    If (Arg0 == ToUUID ("68f2d50b-c469-4d8a-bd3d-941a103fd3fc"))
Remark   2184 -                                         Unknown UUID string ^ 

dsdt.asl   1189:    If (Arg0 == ToUUID ("68f2d50b-c469-4d8a-bd3d-941a103fd3fc"))
Remark   2184 -                                         Unknown UUID string ^ 


Intel ACPI Component Architecture
ASL+ Optimizing Compiler/Disassembler version 20230628
Copyright (c) 2000 - 2023 Intel Corporation

coreboot toolchain v2024-12-19_e3150e819d
ASL Input:     dsdt.asl -   59221 bytes   2002 keywords      0 source lines
AML Output:    dsdt.aml -   18414 bytes   1257 opcodes     745 named objects

Compilation successful. 0 Errors, 0 Warnings, 16 Remarks, 819 Optimizations
    IASL       3150 warning types were ignored!
    MAKE       
    CC         bootblock/arch/x86/gdt_init.o
    IASL       build/dsdt.aml disassembled correctly.
    CC         bootblock/arch/x86/id.o
    CC         bootblock/arch/x86/idt.o
    CC         bootblock/cpu/x86/entry16.o
    CC         bootblock/cpu/x86/entry32.o
    CC         bootblock/cpu/x86/reset16.o
    CC         bootblock/soc/intel/common/block/cpu/car/cache_as_ram_fsp.o
    FMAP       build/util/cbfstool/fmaptool -h build/fmap_config.h build/fmap.fmd build/fmap.fmap
SUCCESS: Wrote 560 bytes to file 'build/fmap.fmap' (and generated header)
The sections containing CBFSes are: COREBOOT,BOOTSPLASH
    CC         ramstage/vendorcode/dasharo/options.o
    CC         ramstage/vendorcode/dasharo/smbios.o
    CC         ramstage/superio/nuvoton/nct6791d/superio.o
Makefile:302: Missing NSS. PKCS11 signing not supported. Install libnss3 to enable this feature.
Makefile:302: Missing NSS. PKCS11 signing not supported. Install libnss3 to enable this feature.
    CC         ramstage/superio/common/conf_mode.o
Makefile:302: Missing NSS. PKCS11 signing not supported. Install libnss3 to enable this feature.
Makefile:302: Missing NSS. PKCS11 signing not supported. Install libnss3 to enable this feature.
    CC         ramstage/superio/common/generic.o
    CC         ramstage/superio/common/ssdt.o
    CC         ramstage/superio/aspeed/ast2400/superio.o
vboot SHA256 built with tight loops (slower, smaller code size)
vboot SHA256 built with tight loops (slower, smaller code size)
    CC            firmware/2lib/2api.o
    CC            firmware/2lib/2api.o
vboot SHA256 built with tight loops (slower, smaller code size)
vboot SHA256 built with tight loops (slower, smaller code size)
    CC            firmware/2lib/2api.o
    CC            firmware/2lib/2auxfw_sync.o
    CC            firmware/2lib/2api.o
    CC            firmware/2lib/2auxfw_sync.o
    CC            firmware/2lib/2common.o
    CC            firmware/2lib/2common.o
    CC            firmware/2lib/2auxfw_sync.o
    CC            firmware/2lib/2auxfw_sync.o
    CC            firmware/2lib/2context.o
    CC            firmware/2lib/2context.o
    CC         ramstage/southbridge/intel/common/smbus.o
    CC            firmware/2lib/2common.o
    CC            firmware/2lib/2common.o
    CC            firmware/2lib/2crc8.o
    CC            firmware/2lib/2crc8.o
    CC         ramstage/southbridge/intel/common/smbus_ops.o
    CC            firmware/2lib/2crypto.o
    CC            firmware/2lib/2crypto.o
    CC            firmware/2lib/2context.o
    CC            firmware/2lib/2ec_sync.o
    CC            firmware/2lib/2context.o
    CC            firmware/2lib/2ec_sync.o
    CC            firmware/2lib/2crc8.o
    CC            firmware/2lib/2crc8.o
    CC            firmware/2lib/2firmware.o
    CC         ramstage/soc/intel/xeon_sp/spr/chip.o
    CC            firmware/2lib/2crypto.o
    CC            firmware/2lib/2crypto.o
    CC            firmware/2lib/2ec_sync.o
    CC            firmware/2lib/2ec_sync.o
    CC            firmware/2lib/2firmware.o
    CC            firmware/2lib/2gbb.o
    CC            firmware/2lib/2firmware.o
    Checking out edk2 revision a69960a18a0e0a28c25e5f4434f5385d25fb39bb
HEAD is now at a69960a18a Wrong print is fixed
    CC            firmware/2lib/2gbb.o
    CC            firmware/2lib/2hmac.o
    CC            firmware/2lib/2hmac.o
    CC            firmware/2lib/2firmware.o
    CC            firmware/2lib/2gbb.o
    CC            firmware/2lib/2kernel.o
    CC            firmware/2lib/2load_kernel.o
    CC            firmware/2lib/2kernel.o
    CC            firmware/2lib/2hmac.o
    CC            firmware/2lib/2gbb.o
    CC            firmware/2lib/2misc.o
    CC            firmware/2lib/2hmac.o
    CC            firmware/2lib/2kernel.o
    CC            firmware/2lib/2load_kernel.o
    CC            firmware/2lib/2nvstorage.o
    CC            firmware/2lib/2kernel.o
    CC            firmware/2lib/2load_kernel.o
    CC            firmware/2lib/2misc.o
    CC            firmware/2lib/2load_kernel.o
    CC            firmware/2lib/2misc.o
    CC         ramstage/soc/intel/xeon_sp/spr/cpu.o
    CC            firmware/2lib/2nvstorage.o
    CC            firmware/2lib/2packed_key.o
    CC            firmware/2lib/2misc.o
    CC            firmware/2lib/2recovery_reasons.o
    CC            firmware/2lib/2nvstorage.o
    CC            firmware/2lib/2rsa.o
    CC         ramstage/soc/intel/xeon_sp/spr/crashlog.o
    CC            firmware/2lib/2packed_key.o
    CC            firmware/2lib/2secdata_firmware.o
    CC            firmware/2lib/2nvstorage.o
    CC            firmware/2lib/2secdata_fwmp.o
    CC         ramstage/soc/intel/xeon_sp/spr/ioat.o
    CC            firmware/2lib/2recovery_reasons.o
    CC            firmware/2lib/2rsa.o
    CC         ramstage/soc/intel/xeon_sp/spr/ramstage.o
    CC            firmware/2lib/2secdata_kernel.o
    CC         ramstage/soc/intel/xeon_sp/spr/reset.o
    CC            firmware/2lib/2packed_key.o
    CC            firmware/2lib/2recovery_reasons.o
    CC         ramstage/soc/intel/xeon_sp/spr/soc_acpi.o
    CC            firmware/2lib/2sha1.o
    CC            firmware/2lib/2sha256.o
    CC            firmware/2lib/2rsa.o
    CC            firmware/2lib/2packed_key.o
    CC            firmware/2lib/2sha512.o
    CC            firmware/2lib/2secdata_firmware.o
    CC            firmware/2lib/2recovery_reasons.o
    CC            firmware/2lib/2rsa.o
    CC         ramstage/soc/intel/xeon_sp/spr/soc_util.o
    CC            firmware/2lib/2secdata_fwmp.o
    CC            firmware/2lib/2secdata_firmware.o
    CC            firmware/2lib/2sha_utility.o
    CC            firmware/2lib/2struct.o
    CC            firmware/2lib/2secdata_firmware.o
    CC            firmware/2lib/2secdata_kernel.o
    CC            firmware/2lib/2sha1.o
    CC         ramstage/soc/intel/xeon_sp/ebg/lockdown.o
    CC            firmware/2lib/2secdata_fwmp.o
    CC            firmware/2lib/2secdata_fwmp.o
    CC         ramstage/soc/intel/xeon_sp/ebg/soc_gpio.o
    CC            firmware/2lib/2stub_hwcrypto.o
    CC            firmware/2lib/2sha256.o
    CC            firmware/2lib/2tpm_bootmode.o
    CC            firmware/2lib/2secdata_kernel.o
    CC            firmware/lib/cgptlib/cgptlib.o
    CC            firmware/2lib/2sha512.o
    CC            firmware/lib/cgptlib/cgptlib_internal.o
    CC            firmware/2lib/2secdata_kernel.o
    CC            firmware/2lib/2sha_utility.o
    CC            firmware/2lib/2sha1.o
    CC            firmware/2lib/2sha1.o
    CC            firmware/2lib/2struct.o
    CC            firmware/lib/cgptlib/crc32.o
    CC         ramstage/soc/intel/xeon_sp/ebg/soc_pch.o
    CC         ramstage/soc/intel/xeon_sp/ebg/soc_pmutil.o
    CC            firmware/lib/gpt_misc.o
    CC            firmware/2lib/2sha256.o
    CC            firmware/2lib/2sha512.o
    CC            firmware/2lib/2sha256.o
    CC            firmware/2lib/2sha_utility.o
    CC            firmware/2lib/2sha512.o
    CC            firmware/2lib/2stub_hwcrypto.o
    CC            firmware/lib20/api_kernel.o
    CC            firmware/2lib/2tpm_bootmode.o
    CC            firmware/lib/cgptlib/cgptlib.o
    CC            firmware/lib20/kernel.o
    CC         ramstage/soc/intel/xeon_sp/ebg/soc_xhci.o
    CC            firmware/2lib/2struct.o
    CC            firmware/2lib/2sha_utility.o
    CC            firmware/2lib/2struct.o
    CC            firmware/lib/cgptlib/cgptlib_internal.o
    CC            firmware/lib/cgptlib/crc32.o
    RM            vboot_fw.a
    AR            vboot_fw.a
    CC         ramstage/soc/intel/xeon_sp/acpi.o
    CC         ramstage/soc/intel/xeon_sp/chip_common.o
    CC            firmware/lib/gpt_misc.o
    CC            firmware/2lib/2stub_hwcrypto.o
    CC            firmware/2lib/2tpm_bootmode.o
    CC            firmware/2lib/2stub_hwcrypto.o
    CC            firmware/lib20/api_kernel.o
    CC            firmware/lib/cgptlib/cgptlib.o
    CC            firmware/2lib/2tpm_bootmode.o
    CC         ramstage/soc/intel/xeon_sp/chip_gen1.o
    CC            firmware/lib/cgptlib/cgptlib.o
    CC            firmware/lib/cgptlib/cgptlib_internal.o
    CC            firmware/lib/cgptlib/cgptlib_internal.o
    CC            firmware/lib20/kernel.o
    CC            firmware/lib/cgptlib/crc32.o
    CC            firmware/lib/gpt_misc.o
    CC         ramstage/soc/intel/xeon_sp/config.o
    CC            firmware/lib20/api_kernel.o
    CC            firmware/lib/cgptlib/crc32.o
    CC            firmware/lib20/kernel.o
    RM            vboot_fw.a
    AR            vboot_fw.a
    CC         ramstage/soc/intel/xeon_sp/finalize.o
    CC            firmware/lib/gpt_misc.o
    CC            firmware/lib20/api_kernel.o
    CC            firmware/lib20/kernel.o
    CC         ramstage/soc/intel/xeon_sp/lockdown.o
    CC         ramstage/soc/intel/xeon_sp/lpc.o
    RM            vboot_fw.a
    AR            vboot_fw.a
    CC         ramstage/soc/intel/xeon_sp/lpc_gen1.o
    CC         ramstage/soc/intel/xeon_sp/memmap.o
    CC         ramstage/soc/intel/xeon_sp/numa.o
    CC         ramstage/soc/intel/xeon_sp/pch.o
    CC         ramstage/soc/intel/xeon_sp/pcie_root_port.o
    RM            vboot_fw.a
    CC         ramstage/soc/intel/xeon_sp/pcu0.o
    AR            vboot_fw.a
    CC         ramstage/soc/intel/xeon_sp/pcu1.o
    CC         ramstage/soc/intel/xeon_sp/pcu2.o
    CC         ramstage/soc/intel/xeon_sp/pcu3.o
    CC         ramstage/soc/intel/xeon_sp/pcu6.o
    CC         ramstage/soc/intel/xeon_sp/pmc.o
    CC         ramstage/soc/intel/xeon_sp/pmutil.o
    CC         ramstage/soc/intel/xeon_sp/ramstage.o
    CC         ramstage/soc/intel/xeon_sp/reset.o
    CC         ramstage/soc/intel/xeon_sp/sad.o
    CC         ramstage/soc/intel/xeon_sp/smmrelocate.o
    CC         ramstage/soc/intel/xeon_sp/spi.o
    CC         ramstage/soc/intel/xeon_sp/uncore.o
    CC         ramstage/soc/intel/xeon_sp/uncore_acpi.o
    CC         ramstage/soc/intel/xeon_sp/uncore_acpi_cxl.o
    CC         ramstage/soc/intel/xeon_sp/util.o
    CC         ramstage/soc/intel/common/pch/lockdown/lockdown.o
    CC         ramstage/soc/intel/common/pch/lockdown/lockdown_lpc.o
    CC         ramstage/soc/intel/common/pch/lockdown/lockdown_spi.o
    CC         ramstage/soc/intel/common/block/xhci/xhci.o
    CC         ramstage/soc/intel/common/block/timer/timer.o
    CC         ramstage/soc/intel/common/block/spi/spi.o
    CC         ramstage/soc/intel/common/block/smm/smm.o
    CC         ramstage/soc/intel/common/block/smbus/smbus.o
    CC         ramstage/soc/intel/common/block/smbus/tco.o
    CC         ramstage/soc/intel/common/block/sata/sata.o
    CC         ramstage/soc/intel/common/block/rtc/rtc.o
    CC         ramstage/soc/intel/common/block/pmc/pmc.o
    CC         ramstage/soc/intel/common/block/pmc/pmclib.o
    CC         ramstage/soc/intel/common/block/pcr/pcr.o
    CC         ramstage/soc/intel/common/block/p2sb/p2sb.o
    CC         ramstage/soc/intel/common/block/p2sb/p2sblib.o
    CC         ramstage/soc/intel/common/block/lpc/lpc.o
    CC         ramstage/soc/intel/common/block/lpc/lpc_lib.o
    CC         ramstage/soc/intel/common/block/itss/itss.o
    CC         ramstage/soc/intel/common/block/gpmr/gpmr.o
    CC         ramstage/soc/intel/common/block/gpio/gpio.o
    CC         ramstage/soc/intel/common/block/gpio/gpio_dev.o
    CC         ramstage/soc/intel/common/block/fast_spi/fast_spi.o
    CC         ramstage/soc/intel/common/block/fast_spi/fast_spi_flash.o
    CC         ramstage/soc/intel/common/block/cse/cse.o
    CC         ramstage/soc/intel/common/block/cse/disable_heci.o
    CC         ramstage/soc/intel/common/block/cpu/cpulib.o
    CC         ramstage/soc/intel/common/block/chip/chip.o
    CC         ramstage/soc/intel/common/block/acpi/acpi.o
    CC         ramstage/soc/intel/common/hda_verb.o
    CC         ramstage/soc/intel/common/reset.o
    CC         ramstage/soc/intel/common/vbt.o
    CC         ramstage/security/vboot/vboot_lib.o
    CC         ramstage/security/tpm/tss/tcg-2.0/tss.o
    CC         ramstage/security/tpm/tss/tcg-2.0/tss_marshaling.o
    CC         ramstage/security/tpm/tss/tss.o
    CC         ramstage/security/tpm/tspi/crtm.o
    CC         ramstage/security/tpm/tspi/log-tpm2.o
    CC         ramstage/security/tpm/tspi/tspi.o
    CC         ramstage/security/memory/memory.o
    CC         ramstage/security/memory/memory_clear.o
    CC         ramstage/mainboard/asrock/spc741d8/static.o
    CC         ramstage/mainboard/asrock/spc741d8/ramstage.o
    CC         ramstage/mainboard/asrock/spc741d8/util.o
    CC         ramstage/lib/b64_decode.o
    CC         ramstage/lib/boot_device.o
    CC         ramstage/lib/bootmem.o
    CC         ramstage/lib/bootmode.o
    CC         ramstage/lib/cbfs.o
    CC         ramstage/lib/cbmem_common.o
    CC         ramstage/lib/cbmem_console.o
    CC         ramstage/lib/coreboot_table.o
    CC         ramstage/lib/crc_byte.o
    CC         ramstage/lib/delay.o
    CC         ramstage/lib/dimm_info_util.o
    CC         ramstage/lib/dp_aux.o
    CC         ramstage/lib/edid.o
    CC         ramstage/lib/edid_fill_fb.o
    CC         ramstage/lib/fallback_boot.o
    CC         ramstage/lib/fmap.o
    CC         ramstage/lib/gcc.o
    CC         ramstage/lib/halt.o
    CC         ramstage/lib/hardwaremain.o
    CC         ramstage/lib/hexdump.o
    CC         ramstage/lib/hexstrtobin.o
    CC         ramstage/lib/identity.o
    CC         ramstage/lib/imd.o
    CC         ramstage/lib/imd_cbmem.o
    CC         ramstage/lib/lzma.o
    CC         ramstage/lib/lzmadecode.o
    CC         ramstage/lib/malloc.o
    CC         ramstage/lib/memchr.o
    CC         ramstage/lib/memcmp.o
    CC         ramstage/lib/memrange.o
    CC         ramstage/lib/prog_loaders.o
    CC         ramstage/lib/prog_ops.o
    CC         ramstage/lib/reg_script.o
    CC         ramstage/lib/region_file.o
    CC         ramstage/lib/reset.o
    CC         ramstage/lib/rmodule.o
    CC         ramstage/lib/romstage_handoff.o
    CC         ramstage/lib/rtc.o
    CC         ramstage/lib/selfboot.o
    CC         ramstage/lib/smbios.o
    CC         ramstage/lib/smbios_defaults.o
    CC         ramstage/lib/stack.o
    CC         ramstage/lib/string.o
    CC         ramstage/lib/timestamp.o
    CC         ramstage/lib/uuid.o
    CC         ramstage/lib/version.o
    CC         ramstage/lib/wrdd.o
    CC         ramstage/lib/xxhash.o
    AR         ramstage/external/vboot_reference-ramstage/vboot_fw.a
    CC         ramstage/drivers/wifi/generic/acpi.o
    CC         ramstage/drivers/wifi/generic/generic.o
    CC         ramstage/drivers/wifi/generic/smbios.o
    CC         ramstage/drivers/uart/uart8250io.o
    CC         ramstage/drivers/uart/util.o
    CC         ramstage/drivers/tpm/ppi.o
    CC         ramstage/drivers/tpm/tpm.o
    CC         ramstage/drivers/spi/bitbang.o
    CC         ramstage/drivers/spi/boot_device_rw_nommap.o
    CC         ramstage/drivers/spi/spi-generic.o
    CC         ramstage/drivers/spi/spi_flash.o
    CC         ramstage/drivers/smmstore/ramstage.o
    CC         ramstage/drivers/smmstore/store.o
    CC         ramstage/drivers/pc80/tpm/tis.o
    CC         ramstage/drivers/pc80/rtc/mc146818rtc.o
    CC         ramstage/drivers/pc80/rtc/mc146818rtc_boot.o
    CC         ramstage/drivers/pc80/pc/i8254.o
    CC         ramstage/drivers/pc80/pc/i8259.o
    CC         ramstage/drivers/pc80/pc/isa-dma.o
    CC         ramstage/drivers/pc80/pc/keyboard.o
    CC         ramstage/drivers/mrc_cache/mrc_cache.o
    CC         ramstage/drivers/mipi/panel.o
    CC         ramstage/drivers/ipmi/ocp/ipmi_ocp.o
    CC         ramstage/drivers/ipmi/ocp/ipmi_sel.o
    CC         ramstage/drivers/ipmi/ipmi_fru.o
    CC         ramstage/drivers/ipmi/ipmi_if.o
    CC         ramstage/drivers/ipmi/ipmi_kcs.o
    CC         ramstage/drivers/ipmi/ipmi_kcs_ops.o
    CC         ramstage/drivers/ipmi/ipmi_ops.o
    CC         ramstage/drivers/intel/fsp2_0/debug.o
    CC         ramstage/drivers/intel/fsp2_0/hand_off_block.o
    CC         ramstage/drivers/intel/fsp2_0/notify.o
    CC         ramstage/drivers/intel/fsp2_0/save_mrc_data.o
    CC         ramstage/drivers/intel/fsp2_0/silicon_init.o
    CC         ramstage/drivers/intel/fsp2_0/util.o
    CC         ramstage/drivers/generic/cbfs-uuid/cbfs-uuid.o
    CC         ramstage/drivers/generic/cbfs-serial/cbfs-serial.o
    CC         ramstage/drivers/efi/efivars.o
    CC         ramstage/drivers/broadcom/bcm57xx_aspm_disable.o
    CC         ramstage/drivers/aspeed/common/ast_dp501.o
    CC         ramstage/drivers/aspeed/common/ast_i2c.o
    CC         ramstage/drivers/aspeed/common/ast_main.o
    CC         ramstage/drivers/aspeed/common/ast_mode.o
    CC         ramstage/drivers/aspeed/common/ast_mode_corebootfb.o
    CC         ramstage/drivers/aspeed/common/ast_post.o
    CC         ramstage/drivers/aspeed/ast2050/ast2050.o
    CC         ramstage/device/dram/ddr_common.o
    CC         ramstage/device/dram/spd.o
    CC         ramstage/device/azalia_device.o
    CC         ramstage/device/cardbus_device.o
    CC         ramstage/device/cpu_device.o
    CC         ramstage/device/device.o
    CC         ramstage/device/device_const.o
    CC         ramstage/device/device_util.o
    CC         ramstage/device/gpio.o
    CC         ramstage/device/i2c.o
    CC         ramstage/device/i2c_bus.o
    CC         ramstage/device/mdio.o
    CC         ramstage/device/mmio.o
    CC         ramstage/device/pci_class.o
    CC         ramstage/device/pci_device.o
    CC         ramstage/device/pci_ops.o
    CC         ramstage/device/pci_rom.o
    CC         ramstage/device/pciexp_device.o
    CC         ramstage/device/pcix_device.o
    CC         ramstage/device/pnp_device.o
    CC         ramstage/device/resource_allocator_common.o
    CC         ramstage/device/resource_allocator_v4.o
    CC         ramstage/device/root_device.o
    CC         ramstage/device/smbus_ops.o
    CC         ramstage/device/software_i2c.o
    CC         ramstage/cpu/x86/tsc/delay_tsc.o
    CC         smm/mainboard/asrock/spc741d8/static.o
    CC         smm/acpi/acpi_pm.o
    CC         smm/arch/x86/apmc_smi_port.o
    CC         smm/arch/x86/breakpoint.o
    CC         smm/arch/x86/exception.o
    CC         smm/arch/x86/memcpy.o
    CC         smm/arch/x86/memmove_32.o
    CC         smm/arch/x86/memset.o
    CC         smm/arch/x86/mmap_boot.o
    CC         smm/arch/x86/null_breakpoint.o
    CC         smm/commonlib/bsd/cbfs_mcache.o
    CC         smm/commonlib/bsd/cbfs_private.o
    CC         smm/commonlib/bsd/elog.o
    CC         smm/commonlib/bsd/string.o
    CC         smm/commonlib/iobuf.o
    CC         smm/commonlib/mem_pool.o
    CC         smm/commonlib/region.o
    CC         smm/console/die.o
    CC         smm/console/post.o
    CC         smm/cpu/x86/pae/pgtbl.o
    CC         smm/cpu/x86/smi_trigger.o
    CC         smm/cpu/x86/smm/pci_resource_store.o
    CC         smm/cpu/x86/smm/save_state.o
    CC         smm/cpu/x86/smm/smm_module_handler.o
    CC         smm/cpu/x86/tsc/delay_tsc.o
    CC         smm/device/device_const.o
    CC         smm/device/pci_ops.o
    CC         smm/drivers/efi/efivars.o
    CC         smm/drivers/pc80/pc/i8254.o
    CC         smm/drivers/pc80/rtc/mc146818rtc.o
    CC         smm/drivers/smmstore/smi.o
    CC         smm/drivers/smmstore/store.o
    CC         smm/drivers/spi/bitbang.o
    CC         smm/drivers/spi/boot_device_rw_nommap.o
    CC         smm/drivers/spi/spi-generic.o
    CC         smm/drivers/spi/spi_flash.o
    CC         smm/lib/boot_device.o
    CC         smm/lib/cbfs.o
    CC         smm/lib/crc_byte.o
    CC         smm/lib/delay.o
    CC         smm/lib/fmap.o
    CC         smm/lib/gcc.o
    CC         smm/lib/halt.o
    CC         smm/lib/hexdump.o
    CC         smm/lib/identity.o
    CC         smm/lib/memcmp.o
    CC         smm/lib/reset.o
    CC         smm/lib/string.o
    CC         smm/lib/version.o
    CC         smm/soc/intel/common/block/chip/chip.o
    CC         smm/soc/intel/common/block/cse/disable_heci.o
    CC         smm/soc/intel/common/block/fast_spi/fast_spi.o
    CC         smm/soc/intel/common/block/fast_spi/fast_spi_flash.o
    CC         smm/soc/intel/common/block/gpio/gpio.o
    CC         smm/soc/intel/common/block/p2sb/p2sb.o
    CC         smm/soc/intel/common/block/p2sb/p2sblib.o
    CC         smm/soc/intel/common/block/pcr/pcr.o
    CC         smm/soc/intel/common/block/pmc/pmclib.o
    CC         smm/soc/intel/common/block/smbus/tco.o
    CC         smm/soc/intel/common/block/smm/smihandler.o
    CC         smm/soc/intel/common/block/spi/spi.o
    CC         smm/soc/intel/common/block/timer/timer.o
    CC         smm/soc/intel/common/block/xhci/xhci.o
    CC         smm/soc/intel/xeon_sp/pmutil.o
    CC         smm/soc/intel/xeon_sp/smihandler.o
    CC         smm/vendorcode/dasharo/options.o
    CP         rmodules_x86_32/lib/rmodule.ld
    CC         ramstage/cpu/x86/smm/pci_resource_store.o
    CC         ramstage/cpu/x86/smm/smm_module_loader.o
    CC         ramstage/cpu/x86/smm/tseg_region.o
    CC         ramstage/cpu/x86/pae/pgtbl.o
    CC         ramstage/cpu/x86/name/name.o
    CC         ramstage/cpu/x86/mtrr/debug.o
    CC         ramstage/cpu/x86/mtrr/mtrr.o
    CC         ramstage/cpu/x86/lapic/boot_cpu.o
    CC         ramstage/cpu/x86/lapic/lapic.o
    CC         ramstage/cpu/x86/cache/cache.o
    CC         ramstage/cpu/x86/backup_default_smm.o
    CC         ramstage/cpu/x86/smi_trigger.o
    CC         ramstage/cpu/x86/topology.o
    CC         ramstage/cpu/intel/turbo/turbo.o
    CC         ramstage/cpu/intel/smm/smm_reloc.o
    CC         ramstage/cpu/intel/microcode/microcode.o
    CC         ramstage/cpu/intel/common/common_init.o
    CC         ramstage/cpu/intel/common/hyperthreading.o
    CC         ramstage/console/console.o
    CC         ramstage/console/die.o
    CC         ramstage/console/init.o
    CC         ramstage/console/post.o
    CC         ramstage/console/printk.o
    CC         ramstage/console/vsprintf.o
    CC         ramstage/console/vtxprintf.o
    CC         ramstage/commonlib/bsd/cbfs_mcache.o
    CC         ramstage/commonlib/bsd/cbfs_private.o
    CC         ramstage/commonlib/bsd/elog.o
    CC         ramstage/commonlib/bsd/gcd.o
    CC         ramstage/commonlib/bsd/ipchksum.o
    CC         ramstage/commonlib/bsd/lz4_wrapper.o
    CC         ramstage/commonlib/bsd/string.o
    CC         ramstage/commonlib/fsp_relocate.o
    CC         ramstage/commonlib/iobuf.o
    CC         ramstage/commonlib/list.o
    CC         ramstage/commonlib/mem_pool.o
    CC         ramstage/commonlib/rational.o
    CC         ramstage/commonlib/region.o
    CC         ramstage/commonlib/sort.o
    CC         ramstage/arch/x86/acpi.o
    CC         ramstage/arch/x86/apmc_smi_port.o
    CC         ramstage/arch/x86/boot.o
    CC         ramstage/arch/x86/breakpoint.o
    CC         ramstage/arch/x86/cf9_reset.o
    CC         ramstage/arch/x86/cpu.o
    CC         ramstage/arch/x86/cpu_common.o
    CC         ramstage/arch/x86/dma.o
    CC         ramstage/arch/x86/ebda.o
    CC         ramstage/arch/x86/exception.o
    CC         ramstage/arch/x86/ioapic.o
    CC         ramstage/arch/x86/memcpy.o
    CC         ramstage/arch/x86/memmove_32.o
    CC         ramstage/arch/x86/memset.o
    CC         ramstage/arch/x86/mmap_boot.o
    CC         ramstage/arch/x86/null_breakpoint.o
    CC         ramstage/arch/x86/post.o
    CC         ramstage/arch/x86/rdrand.o
    CC         ramstage/arch/x86/smbios.o
    CC         ramstage/arch/x86/stack_canary_breakpoint.o
    CC         ramstage/arch/x86/tables.o
    CC         ramstage/arch/x86/timestamp.o
    CC         ramstage/acpi/acpi.o
    CC         ramstage/acpi/acpi_apic.o
    CC         ramstage/acpi/acpi_dmar.o
    CC         ramstage/acpi/acpi_hpet.o
    CC         ramstage/acpi/acpi_pm.o
    CC         ramstage/acpi/acpigen.o
    CC         ramstage/acpi/acpigen_dptf.o
    CC         ramstage/acpi/acpigen_dsm.o
    CC         ramstage/acpi/acpigen_pci.o
    CC         ramstage/acpi/acpigen_pci_root_resource_producer.o
    CC         ramstage/acpi/acpigen_ps2_keybd.o
    CC         ramstage/acpi/acpigen_usb.o
    CC         ramstage/acpi/device.o
    CC         ramstage/acpi/fadt_filler.o
    CC         ramstage/acpi/gnvs.o
    CC         ramstage/acpi/pld.o
    CC         ramstage/acpi/sata.o
    CC         ramstage/acpi/soundwire.o
    CP         ramstage/arch/x86/memlayout.ld
    CP         ramstage/lib/program.ld
    AR         postcar/external/vboot_reference-postcar/vboot_fw.a
    CC         postcar/mainboard/asrock/spc741d8/static.o
    CC         postcar/acpi/acpi_pm.o
    CC         postcar/arch/x86/boot.o
    CC         postcar/arch/x86/breakpoint.o
    CC         postcar/arch/x86/cf9_reset.o
    CC         postcar/arch/x86/cpu_common.o
    CC         postcar/arch/x86/exception.o
    CC         postcar/arch/x86/memcpy.o
    CP         postcar/arch/x86/memlayout.ld
    CC         postcar/arch/x86/memmove_32.o
    CC         postcar/arch/x86/memset.o
    CC         postcar/arch/x86/mmap_boot.o
    CC         postcar/arch/x86/null_breakpoint.o
    CC         postcar/arch/x86/post.o
    CC         postcar/arch/x86/postcar.o
    CC         postcar/arch/x86/timestamp.o
    CC         postcar/commonlib/bsd/cbfs_mcache.o
    CC         postcar/commonlib/bsd/cbfs_private.o
    CC         postcar/commonlib/bsd/gcd.o
    CC         postcar/commonlib/bsd/ipchksum.o
    CC         postcar/commonlib/bsd/lz4_wrapper.o
    CC         postcar/commonlib/bsd/string.o
    CC         postcar/commonlib/iobuf.o
    CC         postcar/commonlib/list.o
    CC         postcar/commonlib/mem_pool.o
    CC         postcar/commonlib/region.o
    CC         postcar/console/console.o
    CC         postcar/console/die.o
    CC         postcar/console/post.o
    CC         postcar/console/init.o
    CC         postcar/console/printk.o
    CC         postcar/console/vsprintf.o
    CC         postcar/console/vtxprintf.o
    CC         postcar/cpu/intel/common/common_init.o
    CC         postcar/cpu/x86/lapic/boot_cpu.o
    CC         postcar/cpu/x86/lapic/lapic.o
    CC         postcar/cpu/x86/mtrr/debug.o
    CC         postcar/cpu/x86/mtrr/earlymtrr.o
    CC         postcar/cpu/x86/pae/pgtbl.o
    CC         postcar/cpu/x86/smm/tseg_region.o
    CC         postcar/cpu/x86/tsc/delay_tsc.o
    CC         postcar/device/device_const.o
    CC         postcar/device/pci_early.o
    CC         postcar/device/pci_ops.o
    CC         postcar/drivers/efi/efivars.o
    CC         postcar/drivers/intel/fsp2_0/hand_off_block.o
    CC         postcar/drivers/intel/fsp2_0/temp_ram_exit.o
    CC         postcar/drivers/intel/fsp2_0/util.o
    CC         postcar/drivers/pc80/pc/i8254.o
    CC         postcar/drivers/pc80/rtc/mc146818rtc.o
    CC         postcar/drivers/pc80/rtc/mc146818rtc_boot.o
    CC         postcar/drivers/pc80/tpm/tis.o
    CC         postcar/drivers/smmstore/store.o
    CC         postcar/drivers/spi/bitbang.o
    CC         postcar/drivers/spi/boot_device_rw_nommap.o
    CC         postcar/drivers/spi/spi-generic.o
    CC         postcar/drivers/spi/spi_flash.o
    CC         postcar/drivers/uart/uart8250io.o
    CC         postcar/drivers/uart/util.o
    CC         postcar/lib/boot_device.o
    CC         postcar/lib/bootmode.o
    CC         postcar/lib/cbfs.o
    CC         postcar/lib/cbmem_common.o
    CC         postcar/lib/cbmem_console.o
    CC         postcar/lib/crc_byte.o
    CC         postcar/lib/delay.o
    CC         postcar/lib/fmap.o
    CC         postcar/lib/gcc.o
    CC         postcar/lib/halt.o
    CC         postcar/lib/hexdump.o
    CC         postcar/lib/identity.o
    CC         postcar/lib/imd.o
    CC         postcar/lib/imd_cbmem.o
    CC         postcar/lib/libgcc.o
    CC         postcar/lib/lzma.o
    CC         postcar/lib/lzmadecode.o
    CC         postcar/lib/memchr.o
    CC         postcar/lib/memcmp.o
    CC         postcar/lib/prog_loaders.o
    CC         postcar/lib/prog_ops.o
    CP         postcar/lib/program.ld
    CC         postcar/lib/reset.o
    CC         postcar/lib/rmodule.o
    CC         postcar/lib/romstage_handoff.o
    CC         postcar/lib/string.o
    CC         postcar/lib/timestamp.o
    CC         postcar/lib/version.o
    CC         postcar/security/memory/memory.o
    CC         postcar/security/tpm/tspi/crtm.o
    CC         postcar/security/tpm/tspi/log-tpm2.o
    CC         postcar/security/tpm/tspi/tspi.o
    CC         postcar/security/tpm/tss/tcg-2.0/tss.o
    CC         postcar/security/tpm/tss/tcg-2.0/tss_marshaling.o
    CC         postcar/security/tpm/tss/tss.o
    CC         postcar/security/vboot/vboot_lib.o
    CC         postcar/soc/intel/common/block/chip/chip.o
    CC         postcar/soc/intel/common/block/fast_spi/fast_spi.o
    CC         postcar/soc/intel/common/block/fast_spi/fast_spi_flash.o
    CC         postcar/soc/intel/common/block/pmc/pmclib.o
    CC         postcar/soc/intel/common/block/smbus/tco.o
    CC         postcar/soc/intel/common/block/smm/smm.o
    CC         postcar/soc/intel/common/block/spi/spi.o
    CC         postcar/soc/intel/common/block/timer/timer.o
    CC         postcar/soc/intel/common/reset.o
    CC         postcar/soc/intel/xeon_sp/spi.o
    CC         postcar/vendorcode/dasharo/options.o
    AR         romstage/external/vboot_reference-romstage/vboot_fw.a
    CC         romstage/mainboard/asrock/spc741d8/static.o
    CC         romstage/acpi/acpi_pm.o
    CC         romstage/arch/x86/boot.o
    CC         romstage/arch/x86/breakpoint.o
    CP         romstage/arch/x86/car.ld
    CC         romstage/arch/x86/cf9_reset.o
    CC         romstage/arch/x86/cpu_common.o
    CC         romstage/arch/x86/exception.o
    CC         romstage/arch/x86/memcpy.o
    CP         romstage/arch/x86/memlayout.ld
    CC         romstage/arch/x86/memmove_32.o
    CC         romstage/arch/x86/memset.o
    CC         romstage/arch/x86/mmap_boot.o
    CC         romstage/arch/x86/null_breakpoint.o
    CC         romstage/arch/x86/post.o
    CC         romstage/arch/x86/postcar_loader.o
    CC         romstage/arch/x86/romstage.o
    CC         romstage/arch/x86/timestamp.o
    CC         romstage/commonlib/bsd/cbfs_mcache.o
    CC         romstage/commonlib/bsd/cbfs_private.o
    CC         romstage/commonlib/bsd/elog.o
    CC         romstage/commonlib/bsd/gcd.o
    CC         romstage/commonlib/bsd/ipchksum.o
    CC         romstage/commonlib/bsd/lz4_wrapper.o
    CC         romstage/commonlib/bsd/string.o
    CC         romstage/commonlib/iobuf.o
    CC         romstage/commonlib/list.o
    CC         romstage/commonlib/mem_pool.o
    CC         romstage/commonlib/rational.o
    CC         romstage/commonlib/region.o
    CC         romstage/console/console.o
    CC         romstage/console/die.o
    CC         romstage/console/init.o
    CC         romstage/console/post.o
    CC         romstage/console/printk.o
    CC         romstage/console/vsprintf.o
    CC         romstage/console/vtxprintf.o
    CC         romstage/cpu/intel/car/romstage.o
    CC         romstage/cpu/intel/common/common_init.o
    CC         romstage/cpu/intel/microcode/microcode.o
    CC         romstage/cpu/x86/cache/cache.o
    CC         romstage/cpu/x86/lapic/boot_cpu.o
    CC         romstage/cpu/x86/lapic/lapic.o
    CC         romstage/cpu/x86/mtrr/debug.o
    CC         romstage/cpu/x86/mtrr/earlymtrr.o
    CC         romstage/cpu/x86/name/name.o
    CC         romstage/cpu/x86/pae/pgtbl.o
    CC         romstage/cpu/x86/smm/tseg_region.o
    CC         romstage/cpu/x86/tsc/delay_tsc.o
    CC         romstage/device/device_const.o
    CC         romstage/device/dram/ddr_common.o
    CC         romstage/device/i2c.o
    CC         romstage/device/mmio.o
    CC         romstage/device/pci_early.o
    CC         romstage/device/pci_ops.o
    CC         romstage/device/software_i2c.o
    CC         romstage/drivers/efi/efivars.o
    CC         romstage/drivers/intel/fsp2_0/cbmem.o
    CC         romstage/drivers/intel/fsp2_0/debug.o
    CC         romstage/drivers/intel/fsp2_0/hand_off_block.o
    CC         romstage/drivers/intel/fsp2_0/memory_init.o
    CC         romstage/drivers/intel/fsp2_0/save_mrc_data.o
    CC         romstage/drivers/intel/fsp2_0/util.o
    CC         romstage/drivers/ipmi/ipmi_if.o
    CC         romstage/drivers/ipmi/ipmi_kcs.o
    CC         romstage/drivers/ipmi/ipmi_ops.o
    CC         romstage/drivers/ipmi/ipmi_ops_premem.o
    CC         romstage/drivers/ipmi/ocp/ipmi_ocp_romstage.o
    CC         romstage/drivers/ipmi/ocp/ipmi_sel.o
    CC         romstage/drivers/mrc_cache/mrc_cache.o
    CC         romstage/drivers/ocp/ewl/ewl.o
    CC         romstage/drivers/pc80/pc/i8254.o
    CC         romstage/drivers/pc80/rtc/mc146818rtc.o
    CC         romstage/drivers/pc80/rtc/mc146818rtc_boot.o
    CC         romstage/drivers/pc80/tpm/tis.o
    CC         romstage/drivers/smmstore/store.o
    CC         romstage/drivers/spi/bitbang.o
    CC         romstage/drivers/spi/boot_device_rw_nommap.o
    CC         romstage/drivers/spi/spi-generic.o
    CC         romstage/drivers/spi/spi_flash.o
    CC         romstage/drivers/uart/uart8250io.o
    CC         romstage/drivers/uart/util.o
    CC         romstage/drivers/wifi/generic/generic.o
    CC         romstage/lib/boot_device.o
    CC         romstage/lib/bootmode.o
    CC         romstage/lib/cbfs.o
    CC         romstage/lib/cbmem_common.o
    CC         romstage/lib/cbmem_console.o
    CC         romstage/lib/crc_byte.o
    CC         romstage/lib/delay.o
    CC         romstage/lib/dimm_info_util.o
    CC         romstage/lib/fmap.o
    CC         romstage/lib/gcc.o
    CC         romstage/lib/halt.o
    CC         romstage/lib/hexdump.o
    CC         romstage/lib/identity.o
    CC         romstage/lib/imd.o
    CC         romstage/lib/imd_cbmem.o
    CC         romstage/lib/libgcc.o
    CC         romstage/lib/lzma.o
    CC         romstage/lib/lzmadecode.o
    CC         romstage/lib/memchr.o
    CC         romstage/lib/memcmp.o
    CC         romstage/lib/memrange.o
    CC         romstage/lib/prog_loaders.o
    CC         romstage/lib/prog_ops.o
    CP         romstage/lib/program.ld
    CC         romstage/lib/ramtest.o
    CC         romstage/lib/reg_script.o
    CC         romstage/lib/region_file.o
    CC         romstage/lib/reset.o
    CC         romstage/lib/rmodule.o
    CC         romstage/lib/romstage_handoff.o
    CC         romstage/lib/rtc.o
    CC         romstage/lib/selfboot.o
    CC         romstage/lib/spd_bin.o
    CC         romstage/lib/stack.o
    CC         romstage/lib/string.o
    CC         romstage/lib/timestamp.o
    CC         romstage/lib/ux_locales.o
    CC         romstage/lib/version.o
    CC         romstage/lib/xxhash.o
    CC         romstage/mainboard/asrock/spc741d8/romstage.o
    CC         romstage/mainboard/asrock/spc741d8/util.o
    CC         romstage/security/memory/memory.o
    CC         romstage/security/tpm/tspi/crtm.o
    CC         romstage/security/tpm/tspi/log-tpm2.o
    CC         romstage/security/tpm/tspi/tspi.o
    CC         romstage/security/tpm/tss/tcg-2.0/tss.o
    CC         romstage/security/tpm/tss/tcg-2.0/tss_marshaling.o
    CC         romstage/security/tpm/tss/tss.o
    CC         romstage/security/vboot/vboot_lib.o
    CC         romstage/soc/intel/common/block/chip/chip.o
    CC         romstage/soc/intel/common/block/cpu/cpulib.o
    CC         romstage/soc/intel/common/block/cse/cse.o
    CC         romstage/soc/intel/common/block/fast_spi/fast_spi.o
    CC         romstage/soc/intel/common/block/fast_spi/fast_spi_flash.o
    CC         romstage/soc/intel/common/block/gpio/gpio.o
    CC         romstage/soc/intel/common/block/gpmr/gpmr.o
    CC         romstage/soc/intel/common/block/itss/itss.o
    CC         romstage/soc/intel/common/block/lpc/lpc_lib.o
    CC         romstage/soc/intel/common/block/p2sb/p2sb.o
    CC         romstage/soc/intel/common/block/p2sb/p2sblib.o
    CC         romstage/soc/intel/common/block/pcr/pcr.o
    CC         romstage/soc/intel/common/block/pmc/pmclib.o
    CC         romstage/soc/intel/common/block/rtc/rtc.o
    CC         romstage/soc/intel/common/block/smbus/smbus_early.o
    CC         romstage/soc/intel/common/block/smbus/smbuslib.o
    CC         romstage/soc/intel/common/block/smbus/spd_access.o
    CC         romstage/soc/intel/common/block/smbus/tco.o
    CC         romstage/soc/intel/common/block/smm/smm.o
    CC         romstage/soc/intel/common/block/spi/spi.o
    CC         romstage/soc/intel/common/block/timer/timer.o
    CC         romstage/soc/intel/common/reset.o
    CC         romstage/soc/intel/common/smbios.o
    CC         romstage/soc/intel/xeon_sp/config.o
    CC         romstage/soc/intel/xeon_sp/ddr.o
    CC         romstage/soc/intel/xeon_sp/dimm.o
    CC         romstage/soc/intel/xeon_sp/ebg/soc_gpio.o
    CC         romstage/soc/intel/xeon_sp/ebg/soc_pch.o
    CC         romstage/soc/intel/xeon_sp/ebg/soc_pmutil.o
    CC         romstage/soc/intel/xeon_sp/memmap.o
    CC         romstage/soc/intel/xeon_sp/pmutil.o
    CC         romstage/soc/intel/xeon_sp/reset.o
    CC         romstage/soc/intel/xeon_sp/romstage.o
    CC         romstage/soc/intel/xeon_sp/spi.o
    CC         romstage/soc/intel/xeon_sp/spr/romstage.o
    CC         romstage/soc/intel/xeon_sp/spr/soc_util.o
    CC         romstage/soc/intel/xeon_sp/util.o
    CC         romstage/southbridge/intel/common/smbus.o
    CC         romstage/superio/aspeed/common/early_serial.o
    CC         romstage/superio/nuvoton/common/early_serial.o
    CC         romstage/vendorcode/dasharo/options.o
    CC+STRIP   src/lib/cbfs_master_header.c
    CC+STRIP   src/cpu/intel/fit/fit_table.c
    AR         bootblock/external/vboot_reference-bootblock/vboot_fw.a
    CC         bootblock/mainboard/asrock/spc741d8/static.o
    CC         bootblock/acpi/acpi_pm.o
    CC         bootblock/arch/x86/boot.o
    CP         bootblock/arch/x86/bootblock.ld
    CC         bootblock/arch/x86/breakpoint.o
    CP         bootblock/arch/x86/car.ld
    CC         bootblock/arch/x86/cf9_reset.o
    CC         bootblock/arch/x86/cpu_common.o
    CC         bootblock/arch/x86/exception.o
    CC         bootblock/arch/x86/memcpy.o
    CP         bootblock/arch/x86/memlayout.ld
    CC         bootblock/arch/x86/memmove_32.o
    CC         bootblock/arch/x86/memset.o
    CC         bootblock/arch/x86/mmap_boot.o
    CC         bootblock/arch/x86/null_breakpoint.o
    CC         bootblock/arch/x86/post.o
    CC         bootblock/arch/x86/timestamp.o
    CC         bootblock/commonlib/bsd/cbfs_mcache.o
    CC         bootblock/commonlib/bsd/cbfs_private.o
    CC         bootblock/commonlib/bsd/gcd.o
    CC         bootblock/commonlib/bsd/ipchksum.o
    CC         bootblock/commonlib/bsd/lz4_wrapper.o
    CC         bootblock/commonlib/bsd/string.o
    CC         bootblock/commonlib/iobuf.o
    CC         bootblock/commonlib/list.o
    CC         bootblock/commonlib/mem_pool.o
    CC         bootblock/commonlib/region.o
    CC         bootblock/console/console.o
    CC         bootblock/console/die.o
    CC         bootblock/console/init.o
    CC         bootblock/console/post.o
    CC         bootblock/console/printk.o
    CC         bootblock/console/vsprintf.o
    CC         bootblock/console/vtxprintf.o
    CC         bootblock/cpu/intel/common/common_init.o
    CC         bootblock/cpu/intel/fit/fit.o
    CC         bootblock/cpu/intel/microcode/microcode.o
    CC         bootblock/cpu/x86/lapic/boot_cpu.o
    CC         bootblock/cpu/x86/lapic/lapic.o
    CC         bootblock/cpu/x86/mtrr/debug.o
    CC         bootblock/cpu/x86/mtrr/earlymtrr.o
    CC         bootblock/cpu/x86/name/name.o
    CC         bootblock/cpu/x86/pae/pgtbl.o
    CC         bootblock/cpu/x86/tsc/delay_tsc.o
    CC         bootblock/device/device_const.o
    CC         bootblock/device/i2c.o
    CC         bootblock/device/mmio.o
    CC         bootblock/device/pci_early.o
    CC         bootblock/device/pci_ops.o
    CC         bootblock/device/software_i2c.o
    CC         bootblock/drivers/efi/efivars.o
    CC         bootblock/drivers/intel/fsp2_0/fspt_report.o
    CC         bootblock/drivers/pc80/pc/i8254.o
    CC         bootblock/drivers/pc80/rtc/mc146818rtc.o
    CC         bootblock/drivers/pc80/rtc/mc146818rtc_boot.o
    CC         bootblock/drivers/pc80/tpm/tis.o
    CC         bootblock/drivers/smmstore/store.o
    CC         bootblock/drivers/spi/bitbang.o
    CC         bootblock/drivers/spi/boot_device_rw_nommap.o
    CC         bootblock/drivers/spi/spi-generic.o
    CC         bootblock/drivers/spi/spi_flash.o
    CC         bootblock/drivers/uart/uart8250io.o
    CC         bootblock/drivers/uart/util.o
    CC         bootblock/lib/boot_device.o
    CC         bootblock/lib/bootblock.o
    CC         bootblock/lib/bootmode.o
    CC         bootblock/lib/cbfs.o
    CC         bootblock/lib/cbmem_console.o
    CC         bootblock/lib/crc_byte.o
    CC         bootblock/lib/delay.o
    CC         bootblock/lib/fmap.o
    CC         bootblock/lib/gcc.o
    CC         bootblock/lib/halt.o
    CC         bootblock/lib/hexdump.o
    CC         bootblock/lib/identity.o
    CC         bootblock/lib/libgcc.o
    CC         bootblock/lib/master_header_pointer.o
    CC         bootblock/lib/memchr.o
    CC         bootblock/lib/memcmp.o
    CC         bootblock/lib/metadata_hash.o
    CC         bootblock/lib/prog_loaders.o
    CC         bootblock/lib/prog_ops.o
    CP         bootblock/lib/program.ld
    CC         bootblock/lib/reg_script.o
    CC         bootblock/lib/reset.o
    CC         bootblock/lib/string.o
    CC         bootblock/lib/timestamp.o
    CC         bootblock/lib/version.o
    CC         bootblock/mainboard/asrock/spc741d8/bootblock.o
    CC         bootblock/security/tpm/tspi/crtm.o
    CC         bootblock/security/tpm/tspi/log-tpm2.o
    CC         bootblock/security/tpm/tspi/tspi.o
    CC         bootblock/security/tpm/tss/tcg-2.0/tss.o
    CC         bootblock/security/tpm/tss/tcg-2.0/tss_marshaling.o
    CC         bootblock/security/tpm/tss/tss.o
    CC         bootblock/security/vboot/vboot_lib.o
    CC         bootblock/soc/intel/common/block/chip/chip.o
    CC         bootblock/soc/intel/common/block/cpu/cpulib.o
    CC         bootblock/soc/intel/common/block/fast_spi/fast_spi.o
    CC         bootblock/soc/intel/common/block/fast_spi/fast_spi_flash.o
    CC         bootblock/soc/intel/common/block/gpio/gpio.o
    CC         bootblock/soc/intel/common/block/gpmr/gpmr.o
    CC         bootblock/soc/intel/common/block/itss/itss.o
    CC         bootblock/soc/intel/common/block/lpc/lpc_lib.o
    CC         bootblock/soc/intel/common/block/p2sb/p2sb.o
    CC         bootblock/soc/intel/common/block/p2sb/p2sblib.o
    CC         bootblock/soc/intel/common/block/pcr/pcr.o
    CC         bootblock/soc/intel/common/block/pmc/pmclib.o
    CC         bootblock/soc/intel/common/block/rtc/rtc.o
    CC         bootblock/soc/intel/common/block/smbus/smbus_early.o
    CC         bootblock/soc/intel/common/block/smbus/smbuslib.o
    CC         bootblock/soc/intel/common/block/smbus/spd_access.o
    CC         bootblock/soc/intel/common/block/smbus/tco.o
    CC         bootblock/soc/intel/common/block/smm/smm.o
    CC         bootblock/soc/intel/common/block/spi/spi.o
    CC         bootblock/soc/intel/common/block/timer/timer.o
    CC         bootblock/soc/intel/common/reset.o
    CC         bootblock/soc/intel/xeon_sp/bootblock.o
    CC         bootblock/soc/intel/xeon_sp/ebg/soc_gpio.o
    CC         bootblock/soc/intel/xeon_sp/ebg/soc_pch.o
    CC         bootblock/soc/intel/xeon_sp/lpc.o
    CC         bootblock/soc/intel/xeon_sp/pch.o
    CC         bootblock/soc/intel/xeon_sp/report_platform.o
    CC         bootblock/soc/intel/xeon_sp/spi.o
    CC         bootblock/superio/aspeed/common/early_config.o
    CC         bootblock/superio/aspeed/common/early_serial.o
    CC         bootblock/superio/nuvoton/common/early_serial.o
    CC         bootblock/vendorcode/dasharo/options.o
    LINK       cbfs/fallback/postcar.debug
    LINK       cbfs/fallback/romstage.debug
    CC         ramstage/cpu/x86/mp_init.o
    OBJCOPY    ramstage/cpu/x86/sipi_vector.manual
    OBJCOPY    ramstage/cpu/x86/smm/smmstub.manual
    OBJCOPY    ramstage/cpu/x86/smm/smm.manual
    OBJCOPY    cbfs/fallback/romstage.elf
    LINK       cbfs/fallback/bootblock.debug
    OBJCOPY    cbfs/fallback/bootblock.elf
    OBJCOPY    bootblock.raw.elf
    OBJCOPY    bootblock.raw.bin
    LINK       cbfs/fallback/ramstage.debug
error: RPC failed; curl 92 HTTP/2 stream 0 was not closed cleanly: CANCEL (err 8)
error: 3723 bytes of body are still expected
fetch-pack: unexpected disconnect while reading sideband packet
fatal: early EOF
fatal: fetch-pack: invalid index-pack output
make[1]: *** [Makefile:481: /home/mahdi/repositories/coreboot/dasharo/coreboot/payloads/external/edk2/workspace/edk2-platforms] Error 128
make: *** [payloads/external/Makefile.mk:173: build/UEFIPAYLOAD.fd] Error 2
